[unbouncepages.com/agency-creative-landing-template/index.html]
[backblue.gif]
[fade.gif]
[index.html]
[d9hhrg4mnvzow.cloudfront.net/unbouncepages.com/agency-creative-landing-template/page_defaults-869452b0cf263df2eb59fded6331a4f5.css]
[d9hhrg4mnvzow.cloudfront.net/unbouncepages.com/agency-creative-landing-template/7f361a8a-292685-0-line.png]
[d9hhrg4mnvzow.cloudfront.net/unbouncepages.com/agency-creative-landing-template/54ae57ce-292686-0-icon01.png]
[d9hhrg4mnvzow.cloudfront.net/unbouncepages.com/agency-creative-landing-template/1987a54e-292687-0-icon02.png]
[d9hhrg4mnvzow.cloudfront.net/unbouncepages.com/agency-creative-landing-template/584849f9-292688-0-icon03.png]
[d9hhrg4mnvzow.cloudfront.net/unbouncepages.com/agency-creative-landing-template/bb967b9c-people01_03k03k03k03k000000.png]
[d9hhrg4mnvzow.cloudfront.net/unbouncepages.com/agency-creative-landing-template/d085a21a-292694-0-people02_03m03m03m03m000000.png]
[d9hhrg4mnvzow.cloudfront.net/unbouncepages.com/agency-creative-landing-template/e7186b2e-linecolord.png]
[d9hhrg4mnvzow.cloudfront.net/unbouncepages.com/agency-creative-landing-template/2916a8a4-292697-0-portfolio01_06m07m06l07l000000.jpg]
[d9hhrg4mnvzow.cloudfront.net/unbouncepages.com/agency-creative-landing-template/f1406c50-292701-0-text_0g003f0g003f000000.png]
[d9hhrg4mnvzow.cloudfront.net/unbouncepages.com/agency-creative-landing-template/db8760b0-client1.png]
[d9hhrg4mnvzow.cloudfront.net/unbouncepages.com/agency-creative-landing-template/98a5901c-client2.png]
[d9hhrg4mnvzow.cloudfront.net/unbouncepages.com/agency-creative-landing-template/a8c4db92-client3.png]
[d9hhrg4mnvzow.cloudfront.net/unbouncepages.com/agency-creative-landing-template/43111bba-client4.png]
[d9hhrg4mnvzow.cloudfront.net/unbouncepages.com/agency-creative-landing-template/ea1a04ee-client5.png]
[d9hhrg4mnvzow.cloudfront.net/unbouncepages.com/agency-creative-landing-template/05ab9d7b-client6.png]
[d9hhrg4mnvzow.cloudfront.net/unbouncepages.com/agency-creative-landing-template/c88403a3-292698-0-portfolio02_06i07i06i07i000000.jpg]
[d9hhrg4mnvzow.cloudfront.net/unbouncepages.com/agency-creative-landing-template/df93e037-screenmonitor_0b70c00b70c0000000.png]
[d9hhrg4mnvzow.cloudfront.net/unbouncepages.com/agency-creative-landing-template/171a7e3a-292699-0-portfolio03_06i07j06i07i000000.jpg]
[d9hhrg4mnvzow.cloudfront.net/unbouncepages.com/agency-creative-landing-template/agencysliderbg1.original.jpg]
[d9hhrg4mnvzow.cloudfront.net/unbouncepages.com/agency-creative-landing-template/bgcity.original.jpg]
[d9hhrg4mnvzow.cloudfront.net/unbouncepages.com/agency-creative-landing-template/292700-0-separator.original.jpg]
[d9hhrg4mnvzow.cloudfront.net/unbouncepages.com/agency-creative-landing-template/292708-0-contactbg.original.jpg]
[d9hhrg4mnvzow.cloudfront.net/unbouncepages.com/agency-creative-landing-template/2916a8a4-292697-0-portfolio01_08q0a208p0a1000000.jpg]
[d9hhrg4mnvzow.cloudfront.net/unbouncepages.com/agency-creative-landing-template/f1406c50-292701-0-text_08u01w08u01w000000.png]
[d9hhrg4mnvzow.cloudfront.net/unbouncepages.com/agency-creative-landing-template/db8760b0-client1_02v03702v037000000.png]
[d9hhrg4mnvzow.cloudfront.net/unbouncepages.com/agency-creative-landing-template/98a5901c-client2_03w03b03w03b000000.png]
[d9hhrg4mnvzow.cloudfront.net/unbouncepages.com/agency-creative-landing-template/a8c4db92-client3_03g03n03g03m000000.png]
[d9hhrg4mnvzow.cloudfront.net/unbouncepages.com/agency-creative-landing-template/ea1a04ee-client5_03l03203l032000000.png]
[d9hhrg4mnvzow.cloudfront.net/unbouncepages.com/agency-creative-landing-template/05ab9d7b-client6_02702u02702u000000.png]
[d9hhrg4mnvzow.cloudfront.net/unbouncepages.com/agency-creative-landing-template/c88403a3-292698-0-portfolio02_08p0a208p0a1000000.jpg]
[d9hhrg4mnvzow.cloudfront.net/unbouncepages.com/agency-creative-landing-template/171a7e3a-292699-0-portfolio03_08p0a208p0a1000000.jpg]
[d2y5whbil7yeo8.cloudfront.net/published/jquery.ubpoverlay-93c5b32.z.css]
[ajax.googleapis.com/ajax/libs/jquery/1.4.2/jquery.min.js]
[d2y5whbil7yeo8.cloudfront.net/published/jquery.validate.min-3b750e1.z.js]
[d2y5whbil7yeo8.cloudfront.net/published/additional-methods-09a5c5a.z.js]
[d2y5whbil7yeo8.cloudfront.net/published/jquery.ubpoverlay-1df1425.z.js]
[d2xxq4ijfwetlm.cloudfront.net/m/lp-webapp/api/unbounce.js]
[d2y5whbil7yeo8.cloudfront.net/published/matchMedia-ba7af92.z.js]
[d2y5whbil7yeo8.cloudfront.net/modules/lp-text/public/main-d0ab4c8.z.js]
[d2y5whbil7yeo8.cloudfront.net/modules/lp-image/public/main-314bf23.z.js]
[d2y5whbil7yeo8.cloudfront.net/modules/lp-button/public/main-7ff72f1.z.js]
[d2y5whbil7yeo8.cloudfront.net/modules/lp-form/public/main-2f8e47a.z.js]
[ajax.googleapis.com/ajax/libs/webfont/1.4.7/webfont.js]
[d9hhrg4mnvzow.cloudfront.net/unbouncepages.com/agency-creative-landing-template/transparent.gif]
[platform.twitter.com/widgets.js]
[apis.google.com/js/plusone.js]
[unbouncepages.com/agency-creative-landing-template/index.html]
[d9hhrg4mnvzow.cloudfront.net/unbouncepages.com/agency-creative-landing-template/reset-81c62fcc415bd2d6fa009d66c47174b6.css]
[d9hhrg4mnvzow.cloudfront.net/unbouncepages.com/agency-creative-landing-template/page_defaults-869452b0cf263df2eb59fded6331a4f5.css]
[d2xxq4ijfwetlm.cloudfront.net/m/lp-webapp/0.0.9/ubpoverlay/ubpoverlay.png]
[d2xxq4ijfwetlm.cloudfront.net/m/lp-webapp/0.0.9/ubpoverlay/blank.gif]
[d2xxq4ijfwetlm.cloudfront.net/m/lp-webapp/0.0.9/ubpoverlay/ubpoverlay-x.png]
[d2xxq4ijfwetlm.cloudfront.net/m/lp-webapp/0.0.9/ubpoverlay/ubpoverlay-y.png]
[d2xxq4ijfwetlm.cloudfront.net/m/lp-webapp/0.0.9/ubpoverlay/ubpoverlay_title_over.png]
[d2xxq4ijfwetlm.cloudfront.net/m/lp-webapp/0.0.9/ubpoverlay/ubpoverlay_close.png]
[d2xxq4ijfwetlm.cloudfront.net/m/lp-webapp/0.0.9/ubpoverlay/ubpoverlay_nav_left.png]
[d2xxq4ijfwetlm.cloudfront.net/m/lp-webapp/0.0.9/ubpoverlay/ubpoverlay_nav_right.png]
[d2xxq4ijfwetlm.cloudfront.net/m/lp-webapp/0.0.9/ubpoverlay/ubpoverlay_title_left.png]
[d2xxq4ijfwetlm.cloudfront.net/m/lp-webapp/0.0.9/ubpoverlay/ubpoverlay_title_main.png]
[d2xxq4ijfwetlm.cloudfront.net/m/lp-webapp/0.0.9/ubpoverlay/ubpoverlay_title_right.png]
[d2xxq4ijfwetlm.cloudfront.net/m/lp-webapp/0.0.9/ubpoverlay/ubpoverlay_loading.png]
[d2xxq4ijfwetlm.cloudfront.net/m/lp-webapp/0.0.9/ubpoverlay/ubpoverlay_shadow_n.png]
[d2xxq4ijfwetlm.cloudfront.net/m/lp-webapp/0.0.9/ubpoverlay/ubpoverlay_shadow_ne.png]
[d2xxq4ijfwetlm.cloudfront.net/m/lp-webapp/0.0.9/ubpoverlay/ubpoverlay_shadow_e.png]
[d2xxq4ijfwetlm.cloudfront.net/m/lp-webapp/0.0.9/ubpoverlay/ubpoverlay_shadow_se.png]
[d2xxq4ijfwetlm.cloudfront.net/m/lp-webapp/0.0.9/ubpoverlay/ubpoverlay_shadow_s.png]
[d2xxq4ijfwetlm.cloudfront.net/m/lp-webapp/0.0.9/ubpoverlay/ubpoverlay_shadow_sw.png]
[d2xxq4ijfwetlm.cloudfront.net/m/lp-webapp/0.0.9/ubpoverlay/ubpoverlay_shadow_w.png]
[d2xxq4ijfwetlm.cloudfront.net/m/lp-webapp/0.0.9/ubpoverlay/ubpoverlay_shadow_nw.png]
[d2y5whbil7yeo8.cloudfront.net/published/jquery.ubpoverlay-93c5b32.z.css]
[d9hhrg4mnvzow.cloudfront.net/images/icons/close.png]
[d9hhrg4mnvzow.cloudfront.net/images/transparent.gif]
