[candidate.coralixthemes.com/landing/index-blue.html]
[backblue.gif]
[fade.gif]
[index.html]
[candidate.coralixthemes.com/landing/css/fontello.css]
[candidate.coralixthemes.com/landing/css/YTPlayer.css]
[candidate.coralixthemes.com/landing/css/animate.css]
[candidate.coralixthemes.com/landing/js/fancybox/jquery.fancybox.css]
[candidate.coralixthemes.com/landing/css/styles-blue.css]
[candidate.coralixthemes.com/landing/img/logo.png]
[candidate.coralixthemes.com/landing/img/gallery/image01.jpg]
[candidate.coralixthemes.com/landing/img/gallery/image02.jpg]
[candidate.coralixthemes.com/landing/img/gallery/image03.jpg]
[candidate.coralixthemes.com/landing/img/gallery/image04.jpg]
[candidate.coralixthemes.com/landing/img/gallery/image05.jpg]
[candidate.coralixthemes.com/landing/img/gallery/image06.jpg]
[candidate.coralixthemes.com/landing/img/gallery/image07.jpg]
[candidate.coralixthemes.com/landing/img/gallery/image08.jpg]
[candidate.coralixthemes.com/landing/img/gallery/image09.jpg]
[candidate.coralixthemes.com/landing/img/gallery/image10.jpg]
[candidate.coralixthemes.com/landing/img/candidate/face.png]
[candidate.coralixthemes.com/landing/img/paypal.png]
[candidate.coralixthemes.com/landing/img/people/testimonials01.jpg]
[candidate.coralixthemes.com/landing/img/people/testimonials02.jpg]
[candidate.coralixthemes.com/landing/img/people/testimonials03.jpg]
[candidate.coralixthemes.com/landing/js/respond.min.js]
[ajax.googleapis.com/ajax/libs/jquery/1.9.1/jquery.min.js]
[candidate.coralixthemes.com/landing/js/bootstrap.min.js]
[candidate.coralixthemes.com/landing/js/jquery/jquery.mb.YTPlayer.js]
[candidate.coralixthemes.com/landing/js/fancybox/jquery.fancybox.js]
[candidate.coralixthemes.com/landing/js/owl-carousel/owl.carousel.min.js]
[candidate.coralixthemes.com/landing/js/paypal/paypal_donate.js]
[candidate.coralixthemes.com/landing/js/waypoints.min.js]
[candidate.coralixthemes.com/landing/js/script.js]
[candidate.coralixthemes.com/landing/index-blue.html]
[candidate.coralixthemes.com/landing/css/bootstrap.min.css]
[candidate.coralixthemes.com/landing/font/fontello69db.eot]
[candidate.coralixthemes.com/landing/font/fontello69db.woff]
[candidate.coralixthemes.com/landing/font/fontello69db.ttf]
[candidate.coralixthemes.com/landing/css/fontello.css]
[candidate.coralixthemes.com/landing/css/ytp-regular.eot]
[candidate.coralixthemes.com/landing/css/ytp-regular.ttf]
[candidate.coralixthemes.com/landing/images/raster.png]
[candidate.coralixthemes.com/landing/images/raster@2x.png]
[candidate.coralixthemes.com/landing/css/YTPlayer.css]
[candidate.coralixthemes.com/landing/css/animate.css]
[candidate.coralixthemes.com/landing/js/fancybox/fancybox_loading.gif]
[candidate.coralixthemes.com/landing/js/fancybox/blank.gif]
[candidate.coralixthemes.com/landing/js/fancybox/fancybox_overlay.png]
[candidate.coralixthemes.com/landing/js/fancybox/fancybox_sprite@2x.png]
[candidate.coralixthemes.com/landing/js/fancybox/fancybox_loading@2x.gif]
[candidate.coralixthemes.com/landing/js/fancybox/jquery.fancybox.css]
[candidate.coralixthemes.com/landing/js/owl-carousel/grabbing.png]
[candidate.coralixthemes.com/landing/js/owl-carousel/owl.carousel.css]
[candidate.coralixthemes.com/landing/js/owl-carousel/AjaxLoader.gif]
[candidate.coralixthemes.com/landing/js/owl-carousel/owl.theme.css]
[candidate.coralixthemes.com/landing/img/bg/donations.jpg]
[candidate.coralixthemes.com/landing/img/bg/home.jpg]
[candidate.coralixthemes.com/landing/img/bg/testimonials.jpg]
[candidate.coralixthemes.com/landing/css/styles-blue.css]
[candidate.coralixthemes.com/landing/css/media-queries-blue.css]
[candidate.coralixthemes.com/landing/img/logo.png]
[candidate.coralixthemes.com/landing/fonts/glyphicons-halflings-regular.eot]
[candidate.coralixthemes.com/landing/fonts/glyphicons-halflings-regular.woff]
[candidate.coralixthemes.com/landing/fonts/glyphicons-halflings-regulard41d.eot]
[candidate.coralixthemes.com/landing/fonts/glyphicons-halflings-regular.ttf]
[candidate.coralixthemes.com/landing/css/bootstrap.min.css]
[candidate.coralixthemes.com/landing/font/fontello69db.svg]
[candidate.coralixthemes.com/landing/css/ytp-regular.html]
[candidate.coralixthemes.com/landing/css/ytp-regular-2.html]
[candidate.coralixthemes.com/landing/images/raster.html]
[candidate.coralixthemes.com/landing/images/raster@2x.html]
[candidate.coralixthemes.com/landing/js/fancybox/fancybox_sprite.png]
[candidate.coralixthemes.com/landing/fonts/glyphicons-halflings-regular.svg]
