[london.coralixthemes.com/woman/index.html]
[backblue.gif]
[fade.gif]
[index.html]
[london.coralixthemes.com/woman/css/fonts/fontello.css]
[london.coralixthemes.com/woman/css/style.css]
[london.coralixthemes.com/woman/js/vendor/modernizr.min.js]
[london.coralixthemes.com/woman/img/woman.png]
[london.coralixthemes.com/woman/img/logo.png]
[london.coralixthemes.com/woman/img/decoration-bg.png]
[london.coralixthemes.com/woman/img/gallery/1.jpg]
[london.coralixthemes.com/woman/img/gallery/2.jpg]
[london.coralixthemes.com/woman/img/gallery/3.jpg]
[london.coralixthemes.com/woman/img/gallery/4.jpg]
[london.coralixthemes.com/woman/img/gallery/5.jpg]
[london.coralixthemes.com/woman/img/testimonials/testimonial01.png]
[london.coralixthemes.com/woman/img/testimonials/testimonial02.png]
[london.coralixthemes.com/woman/js/vendor/jquery.min.js]
[ajax.googleapis.com/ajax/libs/jquery/1.11.1/jquery.min.js]
[london.coralixthemes.com/woman/js/vendor/bootstrap.min.js]
[london.coralixthemes.com/woman/js/bootstrap.14.delayed]
[london.coralixthemes.com/woman/js/vendor/jquery/jquery.appear.js]
[london.coralixthemes.com/woman/js/jquery-func.js]
[london.coralixthemes.com/woman/index.html]
[london.coralixthemes.com/woman/css/vendor/bootstrap.min.css]
[london.coralixthemes.com/woman/css/fonts/fontelloebce.eot]
[london.coralixthemes.com/woman/css/fonts/fontelloebce.woff]
[london.coralixthemes.com/woman/css/fonts/fontelloebce.ttf]
[london.coralixthemes.com/woman/css/fonts/fontello.css]
[london.coralixthemes.com/woman/css/clock/main.css]
[london.coralixthemes.com/woman/img/bg/home-2.jpg]
[london.coralixthemes.com/woman/img/bg-countdown.jpg]
[london.coralixthemes.com/woman/css/style.css]
[london.coralixthemes.com/woman/css/media-queries.css]
[london.coralixthemes.com/woman/css/fonts/animate.css]
[london.coralixthemes.com/woman/js/bootstrap.html]
[london.coralixthemes.com/woman/css/vendor/bootstrap.min.css]
[london.coralixthemes.com/woman/css/fonts/fontelloebce.svg]
[london.coralixthemes.com/woman/css/clock/main.html]
[london.coralixthemes.com/woman/js/vendor/jquery.bgYtVideo.js]
[london.coralixthemes.com/woman/img/bg/home.jpg]
