[unbouncepages.com/learn-landing-theme-template/index.html]
[backblue.gif]
[fade.gif]
[index.html]
[d9hhrg4mnvzow.cloudfront.net/unbouncepages.com/learn-landing-theme-template/page_defaults-9bb8f9c34a84509389138b480c0f3020.css]
[d9hhrg4mnvzow.cloudfront.net/unbouncepages.com/learn-landing-theme-template/afae14a0-logo.png]
[d9hhrg4mnvzow.cloudfront.net/unbouncepages.com/learn-landing-theme-template/d75f50a3-icon-01.png]
[d9hhrg4mnvzow.cloudfront.net/unbouncepages.com/learn-landing-theme-template/10f07318-icon-phone.png]
[d9hhrg4mnvzow.cloudfront.net/unbouncepages.com/learn-landing-theme-template/b0609b9a-icon-03.png]
[d9hhrg4mnvzow.cloudfront.net/unbouncepages.com/learn-landing-theme-template/e2ff42c0-img-intro_0av0ch0av0ch000000.png]
[d9hhrg4mnvzow.cloudfront.net/unbouncepages.com/learn-landing-theme-template/4f5ab574-ico-77_01w02201w022000000.png]
[d9hhrg4mnvzow.cloudfront.net/unbouncepages.com/learn-landing-theme-template/e9220982-ico-43_01w02201w022000000.png]
[d9hhrg4mnvzow.cloudfront.net/unbouncepages.com/learn-landing-theme-template/929d253f-ico-15_02202201w022003000.png]
[d9hhrg4mnvzow.cloudfront.net/unbouncepages.com/learn-landing-theme-template/4d084a2a-img-suscribe_09u0bs09u0bs000000.jpg]
[d9hhrg4mnvzow.cloudfront.net/unbouncepages.com/learn-landing-theme-template/99043b62-rombo.png]
[d9hhrg4mnvzow.cloudfront.net/unbouncepages.com/learn-landing-theme-template/f4378d9e-img-gallery.jpg]
[d9hhrg4mnvzow.cloudfront.net/unbouncepages.com/learn-landing-theme-template/dd9272b4-img-gallery-5.jpg]
[d9hhrg4mnvzow.cloudfront.net/unbouncepages.com/learn-landing-theme-template/a29508a3-img-gallery-3.jpg]
[d9hhrg4mnvzow.cloudfront.net/unbouncepages.com/learn-landing-theme-template/ceac9e81-pliegue-01.jpg]
[d9hhrg4mnvzow.cloudfront.net/unbouncepages.com/learn-landing-theme-template/0a78602d-icon-01.png]
[d9hhrg4mnvzow.cloudfront.net/unbouncepages.com/learn-landing-theme-template/dd09d8a7-icon-02.png]
[d9hhrg4mnvzow.cloudfront.net/unbouncepages.com/learn-landing-theme-template/69e13833-icon-03.png]
[d9hhrg4mnvzow.cloudfront.net/unbouncepages.com/learn-landing-theme-template/787db7b0-icon-04.png]
[d9hhrg4mnvzow.cloudfront.net/unbouncepages.com/learn-landing-theme-template/f9cddbbd-icon-05.png]
[d9hhrg4mnvzow.cloudfront.net/unbouncepages.com/learn-landing-theme-template/4a287046-icon-06.png]
[d9hhrg4mnvzow.cloudfront.net/unbouncepages.com/learn-landing-theme-template/1354e730-pliegue-02.png]
[d9hhrg4mnvzow.cloudfront.net/unbouncepages.com/learn-landing-theme-template/bg-intro.original.jpg]
[d9hhrg4mnvzow.cloudfront.net/unbouncepages.com/learn-landing-theme-template/teacher01.original.jpg]
[d9hhrg4mnvzow.cloudfront.net/unbouncepages.com/learn-landing-theme-template/teacher03.original.jpg]
[d9hhrg4mnvzow.cloudfront.net/unbouncepages.com/learn-landing-theme-template/teacher02.original.jpg]
[ajax.googleapis.com/ajax/libs/jquery/1.4.2/jquery.min.js]
[d2xxq4ijfwetlm.cloudfront.net/m/lp-webapp/0.0.9/jquery-validate/1.6/jquery.validate.min.js]
[d2xxq4ijfwetlm.cloudfront.net/m/lp-webapp/0.0.9/jquery-validate/1.6/additional-methods.js]
[d2xxq4ijfwetlm.cloudfront.net/m/lp-webapp/0.0.9/ubpoverlay/jquery.ubpoverlay.js]
[d2xxq4ijfwetlm.cloudfront.net/m/lp-webapp/api/unbounce.js]
[d2xxq4ijfwetlm.cloudfront.net/m/lp-webapp/matchmedia/matchMedia.js]
[d2xxq4ijfwetlm.cloudfront.net/m/lp-webapp/0.0.9/lp-text/3.0/main.js]
[d2xxq4ijfwetlm.cloudfront.net/m/lp-webapp/0.0.9/lp-button/2.1/main.js]
[d2xxq4ijfwetlm.cloudfront.net/m/lp-webapp/0.0.9/lp-image/0.4/main.js]
[d2xxq4ijfwetlm.cloudfront.net/m/lp-webapp/0.0.9/lp-video/0.1/main.js]
[d2xxq4ijfwetlm.cloudfront.net/m/lp-webapp/jquery.fancybox-1.3.4/fancybox/jquery.fancybox-1.3.4.js]
[ajax.googleapis.com/ajax/libs/webfont/1.4.7/webfont.js]
[unbouncepages.com/learn-landing-theme-template/clkn/index.html]
[learntheme.coralixthemes.com/img/gallery/img-gallery.jpg]
[learntheme.coralixthemes.com/img/gallery/img-gallery-5.jpg]
[learntheme.coralixthemes.com/img/gallery/img-gallery-3.jpg]
[platform.twitter.com/widgets.js]
[apis.google.com/js/plusone.js]
[unbouncepages.com/learn-landing-theme-template/index.html]
[d9hhrg4mnvzow.cloudfront.net/unbouncepages.com/learn-landing-theme-template/reset-81c62fcc415bd2d6fa009d66c47174b6.css]
[d9hhrg4mnvzow.cloudfront.net/unbouncepages.com/learn-landing-theme-template/page_defaults-9bb8f9c34a84509389138b480c0f3020.css]
[d2xxq4ijfwetlm.cloudfront.net/m/lp-webapp/0.0.9/ubpoverlay/ubpoverlay.png]
[d2xxq4ijfwetlm.cloudfront.net/m/lp-webapp/0.0.9/ubpoverlay/blank.gif]
[d2xxq4ijfwetlm.cloudfront.net/m/lp-webapp/0.0.9/ubpoverlay/ubpoverlay-x.png]
[d2xxq4ijfwetlm.cloudfront.net/m/lp-webapp/0.0.9/ubpoverlay/ubpoverlay-y.png]
[d2xxq4ijfwetlm.cloudfront.net/m/lp-webapp/0.0.9/ubpoverlay/ubpoverlay_title_over.png]
[d2xxq4ijfwetlm.cloudfront.net/m/lp-webapp/0.0.9/ubpoverlay/ubpoverlay_close.png]
[d2xxq4ijfwetlm.cloudfront.net/m/lp-webapp/0.0.9/ubpoverlay/ubpoverlay_nav_left.png]
[d2xxq4ijfwetlm.cloudfront.net/m/lp-webapp/0.0.9/ubpoverlay/ubpoverlay_nav_right.png]
[d2xxq4ijfwetlm.cloudfront.net/m/lp-webapp/0.0.9/ubpoverlay/ubpoverlay_title_left.png]
[d2xxq4ijfwetlm.cloudfront.net/m/lp-webapp/0.0.9/ubpoverlay/ubpoverlay_title_main.png]
[d2xxq4ijfwetlm.cloudfront.net/m/lp-webapp/0.0.9/ubpoverlay/ubpoverlay_title_right.png]
[d2xxq4ijfwetlm.cloudfront.net/m/lp-webapp/0.0.9/ubpoverlay/ubpoverlay_loading.png]
[d2xxq4ijfwetlm.cloudfront.net/m/lp-webapp/0.0.9/ubpoverlay/ubpoverlay_shadow_n.png]
[d2xxq4ijfwetlm.cloudfront.net/m/lp-webapp/0.0.9/ubpoverlay/ubpoverlay_shadow_ne.png]
[d2xxq4ijfwetlm.cloudfront.net/m/lp-webapp/0.0.9/ubpoverlay/ubpoverlay_shadow_e.png]
[d2xxq4ijfwetlm.cloudfront.net/m/lp-webapp/0.0.9/ubpoverlay/ubpoverlay_shadow_se.png]
[d2xxq4ijfwetlm.cloudfront.net/m/lp-webapp/0.0.9/ubpoverlay/ubpoverlay_shadow_s.png]
[d2xxq4ijfwetlm.cloudfront.net/m/lp-webapp/0.0.9/ubpoverlay/ubpoverlay_shadow_sw.png]
[d2xxq4ijfwetlm.cloudfront.net/m/lp-webapp/0.0.9/ubpoverlay/ubpoverlay_shadow_w.png]
[d2xxq4ijfwetlm.cloudfront.net/m/lp-webapp/0.0.9/ubpoverlay/ubpoverlay_shadow_nw.png]
[d2xxq4ijfwetlm.cloudfront.net/m/lp-webapp/0.0.9/ubpoverlay/jquery.ubpoverlay.css]
[d2xxq4ijfwetlm.cloudfront.net/m/lp-webapp/0.0.9/lp-form/4.7/main.js]
[d2xxq4ijfwetlm.cloudfront.net/m/lp-webapp/jquery.fancybox-1.3.4/fancybox/fancybox.png]
[d2xxq4ijfwetlm.cloudfront.net/m/lp-webapp/jquery.fancybox-1.3.4/fancybox/blank.gif]
[d2xxq4ijfwetlm.cloudfront.net/m/lp-webapp/jquery.fancybox-1.3.4/fancybox/fancybox-x.png]
[d2xxq4ijfwetlm.cloudfront.net/m/lp-webapp/jquery.fancybox-1.3.4/fancybox/fancybox-y.png]
[d2xxq4ijfwetlm.cloudfront.net/m/lp-webapp/jquery.fancybox-1.3.4/fancybox/fancy_title_over.png]
[d2xxq4ijfwetlm.cloudfront.net/m/lp-webapp/jquery.fancybox-1.3.4/fancybox/jquery.fancybox-1.3.4.css]
[unbouncepages.com/learn-landing-theme-template/clkn/index.html]
[d9hhrg4mnvzow.cloudfront.net/images/icons/close.png]
[d9hhrg4mnvzow.cloudfront.net/images/transparent.gif]
[d2xxq4ijfwetlm.cloudfront.net/m/lp-webapp/jquery.fancybox-1.3.4/fancybox/fancybox/fancy_close.png]
[d2xxq4ijfwetlm.cloudfront.net/m/lp-webapp/jquery.fancybox-1.3.4/fancybox/fancybox/fancy_nav_left.png]
[d2xxq4ijfwetlm.cloudfront.net/m/lp-webapp/jquery.fancybox-1.3.4/fancybox/fancybox/fancy_nav_right.png]
[d2xxq4ijfwetlm.cloudfront.net/m/lp-webapp/jquery.fancybox-1.3.4/fancybox/fancybox/fancy_title_over.png]
[d2xxq4ijfwetlm.cloudfront.net/m/lp-webapp/jquery.fancybox-1.3.4/fancybox/fancybox/fancy_title_left.png]
[d2xxq4ijfwetlm.cloudfront.net/m/lp-webapp/jquery.fancybox-1.3.4/fancybox/fancybox/fancy_title_main.png]
[d2xxq4ijfwetlm.cloudfront.net/m/lp-webapp/jquery.fancybox-1.3.4/fancybox/fancybox/fancy_title_right.png]
[d2xxq4ijfwetlm.cloudfront.net/m/lp-webapp/jquery.fancybox-1.3.4/fancybox/fancybox/fancy_loading.png]
[d2xxq4ijfwetlm.cloudfront.net/m/lp-webapp/jquery.fancybox-1.3.4/fancybox/fancybox/fancy_shadow_n.png]
[d2xxq4ijfwetlm.cloudfront.net/m/lp-webapp/jquery.fancybox-1.3.4/fancybox/fancybox/fancy_shadow_ne.png]
[d2xxq4ijfwetlm.cloudfront.net/m/lp-webapp/jquery.fancybox-1.3.4/fancybox/fancybox/fancy_shadow_e.png]
[d2xxq4ijfwetlm.cloudfront.net/m/lp-webapp/jquery.fancybox-1.3.4/fancybox/fancybox/fancy_shadow_se.png]
[d2xxq4ijfwetlm.cloudfront.net/m/lp-webapp/jquery.fancybox-1.3.4/fancybox/fancybox/fancy_shadow_s.png]
[d2xxq4ijfwetlm.cloudfront.net/m/lp-webapp/jquery.fancybox-1.3.4/fancybox/fancybox/fancy_shadow_sw.png]
[d2xxq4ijfwetlm.cloudfront.net/m/lp-webapp/jquery.fancybox-1.3.4/fancybox/fancybox/fancy_shadow_w.png]
[d2xxq4ijfwetlm.cloudfront.net/m/lp-webapp/jquery.fancybox-1.3.4/fancybox/fancybox/fancy_shadow_nw.png]
[learntheme.coralixthemes.com/img/gallery/img-gallery.jpg]
